2026-04-29 08:17:50.576 INFO  [background-preinit] [N/A] o.h.validator.internal.util.Version - HV000001: Hibernate Validator 8.0.2.Final
2026-04-29 08:17:50.794 INFO  [main] [N/A] c.e.f.FileTransferApplication - Starting FileTransferApplication using Java 21.0.7 with PID 13916 (C:\Users\小楠同学\Documents\demo\target\classes started by 小楠同学 in C:\Users\小楠同学\Documents\demo)
2026-04-29 08:17:50.794 INFO  [main] [N/A] c.e.f.FileTransferApplication - No active profile set, falling back to 1 default profile: "default"
2026-04-29 08:17:55.578 INFO  [main] [N/A] o.s.d.r.c.RepositoryConfigurationDelegate - Multiple Spring Data modules found, entering strict repository configuration mode
2026-04-29 08:17:55.583 INFO  [main] [N/A] o.s.d.r.c.RepositoryConfigurationDelegate - Bootstrapping Spring Data JPA repositories in DEFAULT mode.
2026-04-29 08:17:56.131 INFO  [main] [N/A] o.s.d.r.c.RepositoryConfigurationDelegate - Finished Spring Data repository scanning in 523 ms. Found 4 JPA repository interfaces.
2026-04-29 08:17:58.310 INFO  [main] [N/A] o.s.b.w.e.tomcat.TomcatWebServer - Tomcat initialized with port 8080 (http)
2026-04-29 08:17:58.371 INFO  [main] [N/A] o.a.coyote.http11.Http11NioProtocol - Initializing ProtocolHandler ["http-nio-8080"]
2026-04-29 08:17:58.376 INFO  [main] [N/A] o.a.catalina.core.StandardService - Starting service [Tomcat]
2026-04-29 08:17:58.376 INFO  [main] [N/A] o.a.catalina.core.StandardEngine - Starting Servlet engine: [Apache Tomcat/10.1.39]
2026-04-29 08:17:58.574 INFO  [main] [N/A] o.a.c.c.C.[Tomcat].[localhost].[/] - Initializing Spring embedded WebApplicationContext
2026-04-29 08:17:58.575 INFO  [main] [N/A] o.s.b.w.s.c.ServletWebServerApplicationContext - Root WebApplicationContext: initialization completed in 7644 ms
2026-04-29 08:17:59.467 INFO  [main] [N/A] o.h.jpa.internal.util.LogHelper - HHH000204: Processing PersistenceUnitInfo [name: default]
2026-04-29 08:17:59.646 INFO  [main] [N/A] org.hibernate.Version - HHH000412: Hibernate ORM core version 6.6.11.Final
2026-04-29 08:17:59.738 INFO  [main] [N/A] o.h.c.i.RegionFactoryInitiator - HHH000026: Second-level cache disabled
2026-04-29 08:18:00.541 INFO  [main] [N/A] o.s.o.j.p.SpringPersistenceUnitInfo - No LoadTimeWeaver setup: ignoring JPA class transformer
2026-04-29 08:18:00.645 INFO  [main] [N/A] com.zaxxer.hikari.HikariDataSource - HikariPool-1 - Starting...
2026-04-29 08:18:05.415 INFO  [main] [N/A] com.zaxxer.hikari.pool.HikariPool - HikariPool-1 - Added connection conn1: url=jdbc:h2:file:./data/file-transfer-db user=SA
2026-04-29 08:18:05.421 INFO  [main] [N/A] com.zaxxer.hikari.HikariDataSource - HikariPool-1 - Start completed.
2026-04-29 08:18:05.546 INFO  [main] [N/A] o.hibernate.orm.connections.pooling - HHH10001005: Database info:
	Database JDBC URL [Connecting through datasource 'HikariDataSource (HikariPool-1)']
	Database driver: undefined/unknown
	Database version: 2.3.232
	Autocommit mode: undefined/unknown
	Isolation level: undefined/unknown
	Minimum pool size: undefined/unknown
	Maximum pool size: undefined/unknown
2026-04-29 08:18:07.732 INFO  [main] [N/A] o.h.e.t.j.p.i.JtaPlatformInitiator - HHH000489: No JTA platform available (set 'hibernate.transaction.jta.platform' to enable JTA platform integration)
2026-04-29 08:18:07.895 INFO  [main] [N/A] o.s.o.j.LocalContainerEntityManagerFactoryBean - Initialized JPA EntityManagerFactory for persistence unit 'default'
2026-04-29 08:18:08.764 INFO  [main] [N/A] o.s.d.j.r.query.QueryEnhancerFactory - Hibernate is in classpath; If applicable, HQL parser will be used.
2026-04-29 08:18:15.393 INFO  [main] [N/A] o.s.b.a.h.H2ConsoleAutoConfiguration - H2 console available at '/h2-console'. Database available at 'jdbc:h2:file:./data/file-transfer-db'
2026-04-29 08:18:15.491 INFO  [main] [N/A] o.s.b.a.e.web.EndpointLinksResolver - Exposing 3 endpoints beneath base path '/actuator'
2026-04-29 08:18:15.676 INFO  [main] [N/A] o.a.coyote.http11.Http11NioProtocol - Starting ProtocolHandler ["http-nio-8080"]
2026-04-29 08:18:15.719 INFO  [main] [N/A] o.s.b.w.e.tomcat.TomcatWebServer - Tomcat started on port 8080 (http) with context path '/'
2026-04-29 08:18:15.753 INFO  [main] [N/A] c.e.f.FileTransferApplication - Started FileTransferApplication in 27.017 seconds (process running for 31.207)
2026-04-29 08:18:15.781 INFO  [main] [N/A] c.e.f.c.H2SchemaCompatibilityRunner - Checking H2 schema compatibility for enum-backed columns
2026-04-29 08:18:17.435 INFO  [RMI TCP Connection(4)-172.22.96.1] [N/A] o.a.c.c.C.[Tomcat].[localhost].[/] - Initializing Spring DispatcherServlet 'dispatcherServlet'
2026-04-29 08:18:17.436 INFO  [RMI TCP Connection(4)-172.22.96.1] [N/A] o.s.web.servlet.DispatcherServlet - Initializing Servlet 'dispatcherServlet'
2026-04-29 08:18:17.440 INFO  [RMI TCP Connection(4)-172.22.96.1] [N/A] o.s.web.servlet.DispatcherServlet - Completed initialization in 4 ms
